--------------
DROP TABLE IF EXISTS test
--------------

--------------
CREATE TABLE test (value INTEGER NOT NULL, INDEX(value), num INTEGER PRIMARY KEY) ENGINE=upscaledb
--------------

--------------
INSERT INTO test VALUES(1, 1)
--------------

--------------
SELECT * FROM test
--------------

value	num
1	1
--------------
UPDATE test SET value = value + 1 WHERE num <= 4
--------------

--------------
SELECT * FROM test
--------------

value	num
2	1
