--------------
DROP TABLE IF EXISTS test
--------------

--------------
CREATE TABLE test (txt TINYTEXT, col INTEGER, file MEDIUMTEXT, id INTEGER PRIMARY KEY) ENGINE=upscaledb
--------------

--------------
INSERT INTO test VALUES (LOAD_FILE('/home/ruppc/prj/upscaledb-mysql/tests/tiny.txt'), 10, LOAD_FILE('/usr/share/dict/words'), 1)
--------------

--------------
INSERT INTO test VALUES (LOAD_FILE('/home/ruppc/prj/upscaledb-mysql/tests/tiny.txt'), 11, LOAD_FILE('/usr/share/dict/words'), 2)
--------------

--------------
INSERT INTO test VALUES (LOAD_FILE('/home/ruppc/prj/upscaledb-mysql/tests/tiny.txt'), 12, LOAD_FILE('/usr/share/dict/words'), 3)
--------------

--------------
SELECT txt FROM test
--------------

txt
1234567890\n
1234567890\n
1234567890\n
--------------
SELECT LENGTH(file) FROM test
--------------

LENGTH(file)
938848
938848
938848
--------------
SELECT col FROM test
--------------

col
10
11
12
--------------
SELECT id FROM test
--------------

id
1
2
3
