--------------
DROP TABLE IF EXISTS test
--------------

--------------
CREATE TABLE test (num INTEGER) ENGINE=upscaledb
--------------

--------------
DROP TABLE test
--------------

--------------
CREATE TABLE test (num INTEGER) ENGINE=upscaledb
--------------

--------------
DROP TABLE test
--------------

