--------------
DROP TABLE IF EXISTS test
--------------

--------------
CREATE TABLE test (t TIME) ENGINE=upscaledb
--------------

--------------
INSERT INTO test VALUES ('13:01:28')
--------------

--------------
SELECT * FROM test
--------------

t
13:01:28
--------------
INSERT INTO test VALUES ('13:01:29')
--------------

--------------
SELECT * FROM test
--------------

t
13:01:28
13:01:29
--------------
INSERT INTO test VALUES ('13:01:30')
--------------

--------------
SELECT * FROM test
--------------

t
13:01:28
13:01:29
13:01:30
