--------------
DROP TABLE IF EXISTS test
--------------

--------------
CREATE TABLE test (num BIGINT PRIMARY KEY, value BIGINT) ENGINE=upscaledb
--------------

--------------
INSERT INTO test VALUES (1, 1)
--------------

--------------
INSERT INTO test VALUES (2, 1)
--------------

--------------
INSERT INTO test VALUES (3, 2)
--------------

--------------
INSERT INTO test VALUES (4, 3)
--------------

--------------
INSERT INTO test VALUES (5, 4)
--------------

--------------
INSERT INTO test VALUES (6, 5)
--------------

--------------
SELECT * FROM test
--------------

num	value
1	1
2	1
3	2
4	3
5	4
6	5
--------------
SELECT * FROM test WHERE num > 3
--------------

num	value
4	3
5	4
6	5
--------------
SELECT * FROM test WHERE num >= 3
--------------

num	value
3	2
4	3
5	4
6	5
--------------
SELECT * FROM test WHERE num < 3
--------------

num	value
1	1
2	1
--------------
SELECT * FROM test WHERE num <= 3
--------------

num	value
1	1
2	1
3	2
--------------
SELECT * FROM test WHERE num < 0
--------------

--------------
SELECT * FROM test WHERE num > 5
--------------

num	value
6	5
--------------
SELECT * FROM test WHERE value > 3
--------------

num	value
5	4
6	5
--------------
SELECT * FROM test WHERE value >= 3
--------------

num	value
4	3
5	4
6	5
--------------
SELECT * FROM test WHERE value < 3
--------------

num	value
1	1
2	1
3	2
--------------
SELECT * FROM test WHERE value <= 3
--------------

num	value
1	1
2	1
3	2
4	3
--------------
SELECT * FROM test WHERE value < 0
--------------

--------------
SELECT * FROM test WHERE value > 5
--------------

--------------
DELETE FROM test WHERE num = 5
--------------

--------------
DELETE FROM test WHERE value = 3
--------------

--------------
SELECT * FROM test
--------------

num	value
1	1
2	1
3	2
6	5
--------------
DELETE FROM test WHERE value >= 2
--------------

--------------
SELECT * FROM test
--------------

num	value
1	1
2	1
--------------
DELETE FROM test WHERE 1
--------------

--------------
SELECT * FROM test
--------------

--------------
INSERT INTO test VALUES (1, 1)
--------------

--------------
INSERT INTO test VALUES (2, 1)
--------------

--------------
INSERT INTO test VALUES (3, 2)
--------------

--------------
INSERT INTO test VALUES (4, 3)
--------------

--------------
INSERT INTO test VALUES (5, 4)
--------------

--------------
INSERT INTO test VALUES (6, 5)
--------------

--------------
SELECT * FROM test
--------------

num	value
1	1
2	1
3	2
4	3
5	4
6	5
--------------
UPDATE test SET num = 10 WHERE value >= 5
--------------

--------------
SELECT * FROM test
--------------

num	value
1	1
2	1
3	2
4	3
5	4
10	5
--------------
UPDATE test SET value = 3 WHERE num >= 3
--------------

--------------
SELECT * FROM test
--------------

num	value
1	1
2	1
3	3
4	3
5	3
10	3
